alias bind_ALT "say "Classic Source bind style";reload";bind ALT bind_ALT
